*** Statistics for net list soc_top ***
Number of cells      = 17236
Number of nets       = 430
Number of tri-nets   = 0
Number of degen nets = 0
Number of pins       = 1291
Number of i/os       = 51

Number of nets with    2 terms = 284 (66.0%)
Number of nets with    3 terms = 48 (11.2%)
Number of nets with    4 terms = 51 (11.9%)
Number of nets with    5 terms = 36 (8.4%)
Number of nets with    6 terms = 2 (0.5%)
Number of nets with    7 terms = 2 (0.5%)
Number of nets with    8 terms = 2 (0.5%)
Number of nets with    9 terms = 1 (0.2%)
Number of nets with >=10 terms = 4 (0.9%)

*** 26 Primitives used:
Primitive pad_vdd (1 insts)
Primitive pad_out (44 insts)
Primitive pad_in (7 insts)
Primitive pad_gnd (1 insts)
Primitive pad_fill_4 (14 insts)
Primitive pad_fill_2 (14 insts)
Primitive pad_fill_01 (56 insts)
Primitive pad_fill_005 (80 insts)
Primitive pad_corner (4 insts)
Primitive XOR2X1 (45 insts)
Primitive OR2X1 (37 insts)
Primitive NOR2X1 (67 insts)
Primitive NAND3X1 (34 insts)
Primitive NAND2X1 (22 insts)
Primitive MUX2X1 (2 insts)
Primitive INVX2 (33 insts)
Primitive INVX1 (1 insts)
Primitive FILL8 (349 insts)
Primitive FILL4 (387 insts)
Primitive FILL32 (15418 insts)
Primitive FILL2 (212 insts)
Primitive FILL16 (104 insts)
Primitive FILL1 (173 insts)
Primitive DFFQX1 (15 insts)
Primitive DFFQSRX1 (57 insts)
Primitive AND2X1 (59 insts)
************
